gthr-default.h:229:1:int __gthread_key_delete(__gthread_key_t)	16	static
Camera.cpp:5:9:int32_t cameraIO_init()	8	static
Camera.cpp:20:9:int32_t cameraIO_deinit()	8	static
Camera.cpp:35:9:int32_t i2c_write(uint16_t, uint16_t, uint8_t*, uint16_t)	48	dynamic
Camera.cpp:43:9:int32_t i2c_read(uint16_t, uint16_t, uint8_t*, uint16_t)	40	static
Camera.cpp:51:9:int32_t HAL_GetTick_Wrapper()	8	static
Camera.cpp:69:6:void Send_test_img()	38424	static
Camera.cpp:89:6:void Camera_init()	16	static
Camera.cpp:104:6:void HAL_DCMI_FrameEventCallback(DCMI_HandleTypeDef*)	32	static
stl_algobase.h:465:5:_OI std::copy(_II, _II, _OI) [with _II = unsigned char*; _OI = unsigned char*]	32	static
stl_algobase.h:742:5:void std::fill(_ForwardIterator, _ForwardIterator, const _Tp&) [with _ForwardIterator = long unsigned int*; _Tp = int]	32	static
cpp_type_traits.h:428:5:_Iterator std::__miter_base(_Iterator) [with _Iterator = unsigned char*]	16	static
stl_algobase.h:438:5:_OI std::__copy_move_a2(_II, _II, _OI) [with bool _IsMove = false; _II = unsigned char*; _OI = unsigned char*]	32	static
stl_algobase.h:280:5:_Iterator std::__niter_base(_Iterator) [with _Iterator = long unsigned int*]	16	static
stl_algobase.h:709:5:typename __gnu_cxx::__enable_if<std::__is_scalar<_Tp>::__value, void>::__type std::__fill_a(_ForwardIterator, _ForwardIterator, const _Tp&) [with _ForwardIterator = long unsigned int*; _Tp = int]	32	static
stl_algobase.h:280:5:_Iterator std::__niter_base(_Iterator) [with _Iterator = unsigned char*]	16	static
stl_algobase.h:393:5:_OI std::__copy_move_a(_II, _II, _OI) [with bool _IsMove = false; _II = unsigned char*; _OI = unsigned char*]	32	static
stl_algobase.h:295:5:_Iterator std::__niter_wrap(const _Iterator&, _Iterator) [with _Iterator = unsigned char*]	16	static
stl_algobase.h:375:2:static _Tp* std::__copy_move<_IsMove, true, std::random_access_iterator_tag>::__copy_m(const _Tp*, const _Tp*, _Tp*) [with _Tp = unsigned char; bool _IsMove = false]	32	static
